Microchip MPLAB XC8 Compiler V2.35

Linker command line:

-W-3 --edf=C:\Program Files\Microchip\xc8\v2.35\pic\dat\en_msgs.txt -cn \
  -h+dist/default/production\PROYECTO2.X.production.sym \
  --cmf=dist/default/production\PROYECTO2.X.production.cmf -z -Q16F887 \
  -oC:\Users\CATU\AppData\Local\Temp\xcAs21s.4 --defsym=__MPLAB_BUILD=1 \
  -Mdist/default/production/PROYECTO2.X.production.map \
  --md=C:\Users\CATU\AppData\Local\Temp\xcAs21s.dat -E1 -ver=XC8 Compiler \
  --acfsm=1493 -ACODE=00h-07FFhx4 -ASTRCODE=00h-01FFFh -ASTRING=00h-0FFhx32 \
  -ACONST=00h-0FFhx32 -AENTRY=00h-0FFhx32 -ACOMMON=070h-07Fh \
  -ABANK0=020h-06Fh -ABANK1=0A0h-0EFh -ABANK2=0110h-016Fh \
  -ABANK3=0190h-01EFh -ARAM=020h-06Fh,0A0h-0EFh,0110h-016Fh,0190h-01EFh \
  -AABS1=020h-07Fh,0A0h-0EFh,0110h-016Fh,0190h-01EFh -ASFR0=00h-01Fh \
  -ASFR1=080h-09Fh -ASFR2=0100h-010Fh -ASFR3=0180h-018Fh \
  -ACONFIG=02007h-02008h -DCONFIG=2 -AIDLOC=02000h-02003h -DIDLOC=2 \
  -AEEDATA=00h-0FFh/02100h -peeprom_data=EEDATA -DEEDATA=2 -DCODE=2 \
  -DSTRCODE=2 -DSTRING=2 -DCONST=2 -DENTRY=2 \
  -preset_vec=00h,intentry=04h,init,end_init -ppowerup=CODE -pcinit=CODE \
  -pfunctab=ENTRY -k C:\Users\CATU\AppData\Local\Temp\xcAs21s.o \
  dist/default/production\PROYECTO2.X.production.o 

Object code version is 3.11

Machine type is 16F887



                Name                               Link     Load   Length Selector   Space Scale
C:\Users\CATU\AppData\Local\Temp\xcAs21s.o
                end_init                             10       10        3        8       0
                reset_vec                             0        0        3        0       0
                config                             2007     2007        2        0       4
                idloc                              2000     2000        4        0       5
dist/default/production\PROYECTO2.X.production.o
                cinit                                13       13       1F        8       0
                intentry                              4        4        C        8       0
                config                             2007     2007        2        0       4
                idloc                              2000     2000        4        0       5
                text18                              806      806        D     100C       0
                text17                              7E5      7E5       15        8       0
                text16                             12D8     12D8      288     25B0       0
                text15                             10FB     10FB      1DD     21F6       0
                text14                              7BE      7BE       27        8       0
                text13                              C9F      C9F      361     193E       0
                text12                             1C4F     1C4F       9C     389E       0
                text11                             1D9D     1D9D       BA     3B3A       0
                text10                             1CEB     1CEB       B2     39D6       0
                text9                               433      433      362        8       0
                text8                               961      961      33E     12C2       0
                text7                              1560     1560      2A0     2AC0       0
                text6                               795      795       29        8       0
                text5                                32       32      401        8       0
                text4                               813      813       7C     1026       0
                text3                              103F     103F       BC     207E       0
                text2                               88F      88F       D2     111E       0
                text1                              1BBE     1BBE       91     377C       0
                maintext                           1E57     1E57      1A9     3CAE       0
                cstackBANK0                          20       20       4F       20       1
                cstackCOMMON                         70       70        E       70       1
                cstackBANK1                          A0       A0       37       A0       1
                cstackBANK3                         190      190       43      190       1
                bssBANK3                            1D3      1D3        2      190       1
                dataBANK1                            DE       DE        2       A0       1
                bssBANK1                             D7       D7        7       A0       1
                idataBANK1                          7FA      7FA        2        8       0

TOTAL           Name                               Link     Load   Length     Space
        CLASS   CODE           
                end_init                             10       10        3         0
                cinit                                13       13       1F         0
                intentry                              4        4        C         0
                reset_vec                             0        0        3         0
                text18                              806      806        D         0
                text17                              7E5      7E5       15         0
                text16                             12D8     12D8      288         0
                text15                             10FB     10FB      1DD         0
                text14                              7BE      7BE       27         0
                text13                              C9F      C9F      361         0
                text12                             1C4F     1C4F       9C         0
                text11                             1D9D     1D9D       BA         0
                text10                             1CEB     1CEB       B2         0
                text9                               433      433      362         0
                text8                               961      961      33E         0
                text7                              1560     1560      2A0         0
                text6                               795      795       29         0
                text5                                32       32      401         0
                text4                               813      813       7C         0
                text3                              103F     103F       BC         0
                text2                               88F      88F       D2         0
                text1                              1BBE     1BBE       91         0
                maintext                           1E57     1E57      1A9         0
                idataBANK1                          7FA      7FA        2         0

        CLASS   STRCODE        

        CLASS   STRING         

        CLASS   CONST          

        CLASS   ENTRY          

        CLASS   COMMON         
                cstackCOMMON                         70       70        E         1

        CLASS   BANK0          
                cstackBANK0                          20       20       4F         1

        CLASS   BANK1          
                cstackBANK1                          A0       A0       37         1
                dataBANK1                            DE       DE        2         1
                bssBANK1                             D7       D7        7         1

        CLASS   BANK2          

        CLASS   BANK3          
                cstackBANK3                         190      190       43         1
                bssBANK3                            1D3      1D3        2         1

        CLASS   RAM            

        CLASS   ABS1           
                abs_s1                               7E       7E        2         1

        CLASS   SFR0           

        CLASS   SFR1           

        CLASS   SFR2           

        CLASS   SFR3           

        CLASS   CONFIG         
                config                             2007     2007        2         4

        CLASS   IDLOC          
                idloc                              2000     2000        4         5

        CLASS   EEDATA         

        CLASS   STACK          



SEGMENTS        Name                           Load    Length   Top    Selector   Space  Class     Delta

                reset_vec                      000000  000003  000003         0       0  CODE        2
                intentry                       000004  0007F8  0007FC         8       0  CODE        2
                cstackBANK0                    000020  00004F  00006F        20       1  BANK0       1
                cstackCOMMON                   000070  00000E  00007E        70       1  COMMON      1
                cstackBANK1                    0000A0  000040  0000E0        A0       1  BANK1       1
                cstackBANK3                    000190  000045  0001D5       190       1  BANK3       1
                text18                         000806  00000D  000813      100C       0  CODE        2
                text4                          000813  00007C  00088F      1026       0  CODE        2
                text2                          00088F  0000D2  000961      111E       0  CODE        2
                text8                          000961  00033E  000C9F      12C2       0  CODE        2
                text13                         000C9F  000361  001000      193E       0  CODE        2
                text3                          00103F  0000BC  0010FB      207E       0  CODE        2
                text15                         0010FB  0001DD  0012D8      21F6       0  CODE        2
                text16                         0012D8  000288  001560      25B0       0  CODE        2
                text7                          001560  0002A0  001800      2AC0       0  CODE        2
                text1                          001BBE  000091  001C4F      377C       0  CODE        2
                text12                         001C4F  00009C  001CEB      389E       0  CODE        2
                text10                         001CEB  0000B2  001D9D      39D6       0  CODE        2
                text11                         001D9D  0000BA  001E57      3B3A       0  CODE        2
                maintext                       001E57  0001A9  002000      3CAE       0  CODE        2


UNUSED ADDRESS RANGES

        Name                Unused          Largest block    Delta
        BANK0            006F-006F              1           1
        BANK1            00E0-00EF             10           1
        BANK2            0110-016F             60           1
        BANK3            01D5-01EF             1B           1
        CODE             0003-0003              1           2
                         07FC-0805              4
                         1000-103E             3F
                         1800-1BBD            3BE
        CONST            0003-0003              1           2
                         07FC-0805              4
                         1000-103E             3F
                         1800-1BBD            100
        EEDATA           2100-21FF            100           2
        ENTRY            0003-0003              1           2
                         07FC-0805              4
                         1000-103E             3F
                         1800-1BBD            100
        RAM              006F-006F              1           1
                         00E0-00EF             10
                         0110-016F             60
                         01D5-01EF             1B
        SFR0             0000-001F             20           1
        SFR1             0080-009F             20           1
        SFR2             0100-010F             10           1
        SFR3             0180-018F             10           1
        STRCODE          0003-0003              1           2
                         07FC-0805              A
                         1000-103E             3F
                         1800-1BBD            3BE
        STRING           0003-0003              1           2
                         07FC-0805              4
                         1000-103E             3F
                         1800-1BBD            100

                                  Symbol Table

?__Umul8_16               cstackBANK1  00B0
?___fladd                 cstackBANK3  01AF
?___fldiv                 cstackBANK1  00BE
?___flmul                 cstackBANK1  00CB
?___fltol                 cstackBANK3  01BF
?___xxtofl                cstackBANK1  00B0
?_map                     cstackBANK3  01CA
?i1__Umul8_16             cstackCOMMON 0070
?i1___fladd               cstackBANK0  0054
?i1___fldiv               cstackBANK0  0020
?i1___flmul               cstackBANK0  003A
?i1___fltol               cstackBANK0  0068
?i1___xxtofl              cstackCOMMON 0070
?i1_map                   cstackBANK1  00A5
_ADCON0bits               (abs)        001F
_ADCON1bits               (abs)        009F
_ADRESH                   (abs)        001E
_ANSEL                    (abs)        0188
_ANSELH                   (abs)        0189
_BAUDCTLbits              (abs)        0187
_CCP1CON                  (abs)        0017
_CCP1CONbits              (abs)        0017
_CCP2CON                  (abs)        001D
_CCP2CONbits              (abs)        001D
_CCPR                     bssBANK1     00D7
_CCPR1L                   (abs)        0015
_CCPR2L                   (abs)        001B
_CCPR_2                   bssBANK1     00D9
_EEADR                    (abs)        010D
_EECON1bits               (abs)        018C
_EECON2                   (abs)        018D
_EEDAT                    (abs)        010C
_INTCONbits               (abs)        000B
_IOCB                     (abs)        0096
_OPTION_REGbits           (abs)        0081
_OSCCONbits               (abs)        008F
_PIE1bits                 (abs)        008C
_PIR1bits                 (abs)        000C
_PORTA                    (abs)        0005
_PORTBbits                (abs)        0006
_PORTC                    (abs)        0007
_PORTD                    (abs)        0008
_PORTE                    (abs)        0009
_PR2                      (abs)        0092
_RCREG                    (abs)        001A
_RCSTAbits                (abs)        0018
_SPBRG                    (abs)        0099
_SPBRGH                   (abs)        009A
_T2CONbits                (abs)        0012
_TRISA                    (abs)        0085
_TRISB                    (abs)        0086
_TRISCbits                (abs)        0087
_TRISD                    (abs)        0088
_TRISE                    (abs)        0089
_TXREG                    (abs)        0019
_TXSTAbits                (abs)        0098
_WPUB                     (abs)        0095
__Habs1                   abs1         0000
__Hbank0                  bank0        0000
__Hbank1                  bank1        0000
__Hbank2                  bank2        0000
__Hbank3                  bank3        0000
__HbssBANK1               bssBANK1     0000
__HbssBANK3               bssBANK3     0000
__Hcinit                  cinit        0032
__Hclrtext                clrtext      0000
__Hcode                   code         0000
__Hcommon                 common       0000
__Hconfig                 config       2009
__HcstackBANK0            cstackBANK0  0000
__HcstackBANK1            cstackBANK1  0000
__HcstackBANK3            cstackBANK3  0000
__HcstackCOMMON           cstackCOMMON 0000
__HdataBANK1              dataBANK1    0000
__Heeprom_data            eeprom_data  0000
__Hend_init               end_init     0013
__Hfunctab                functab      0000
__HidataBANK1             idataBANK1   0000
__Hidloc                  idloc        2004
__Hinit                   init         0010
__Hintentry               intentry     0010
__Hmaintext               maintext     0000
__Hpowerup                powerup      0000
__Hram                    ram          0000
__Hreset_vec              reset_vec    0003
__Hsfr0                   sfr0         0000
__Hsfr1                   sfr1         0000
__Hsfr2                   sfr2         0000
__Hsfr3                   sfr3         0000
__Hspace_0                (abs)        2000
__Hspace_1                (abs)        01D5
__Hspace_2                (abs)        0000
__Hspace_3                (abs)        0000
__Hspace_4                (abs)        4010
__Hstack                  stack        0000
__Hstrings                strings      0000
__Htext                   text         0000
__Labs1                   abs1         0000
__Lbank0                  bank0        0000
__Lbank1                  bank1        0000
__Lbank2                  bank2        0000
__Lbank3                  bank3        0000
__LbssBANK1               bssBANK1     0000
__LbssBANK3               bssBANK3     0000
__Lcinit                  cinit        0013
__Lclrtext                clrtext      0000
__Lcode                   code         0000
__Lcommon                 common       0000
__Lconfig                 config       0000
__LcstackBANK0            cstackBANK0  0000
__LcstackBANK1            cstackBANK1  0000
__LcstackBANK3            cstackBANK3  0000
__LcstackCOMMON           cstackCOMMON 0000
__LdataBANK1              dataBANK1    0000
__Leeprom_data            eeprom_data  0000
__Lend_init               end_init     0010
__Lfunctab                functab      0000
__LidataBANK1             idataBANK1   0000
__Lidloc                  idloc        0000
__Linit                   init         0010
__Lintentry               intentry     0004
__Lmaintext               maintext     0000
__Lpowerup                powerup      0000
__Lram                    ram          0000
__Lreset_vec              reset_vec    0000
__Lsfr0                   sfr0         0000
__Lsfr1                   sfr1         0000
__Lsfr2                   sfr2         0000
__Lsfr3                   sfr3         0000
__Lspace_0                (abs)        0000
__Lspace_1                (abs)        0000
__Lspace_2                (abs)        0000
__Lspace_3                (abs)        0000
__Lspace_4                (abs)        0000
__Lstack                  stack        0000
__Lstrings                strings      0000
__Ltext                   text         0000
__S0                      (abs)        2000
__S1                      (abs)        01D5
__S3                      (abs)        0000
__Umul8_16                text6        0795
__Umul8_16@multiplicand   cstackBANK1  00B0
__Umul8_16@multiplier     cstackBANK1  00B8
__Umul8_16@product        cstackBANK1  00B4
__Umul8_16@word_mpld      cstackBANK1  00B6
___fladd                  text8        0961
___fladd@a                cstackBANK3  01B3
___fladd@aexp             cstackBANK1  00D4
___fladd@b                cstackBANK3  01AF
___fladd@bexp             cstackBANK1  00D5
___fladd@grs              cstackBANK1  00D6
___fladd@signs            cstackBANK1  00D3
___fldiv                  text7        1560
___fldiv@a                cstackBANK1  00BE
___fldiv@aexp             cstackBANK3  019C
___fldiv@b                cstackBANK1  00C2
___fldiv@bexp             cstackBANK3  019B
___fldiv@grs              cstackBANK3  0197
___fldiv@new_exp          cstackBANK3  0195
___fldiv@rem              cstackBANK3  0190
___fldiv@sign             cstackBANK3  0194
___flmul                  text5        0032
___flmul@a                cstackBANK1  00CF
___flmul@aexp             cstackBANK3  01A7
___flmul@b                cstackBANK1  00CB
___flmul@bexp             cstackBANK3  01A8
___flmul@grs              cstackBANK3  01A3
___flmul@prod             cstackBANK3  01A9
___flmul@sign             cstackBANK3  01A2
___flmul@temp             cstackBANK3  01AD
___fltol                  text4        0813
___fltol@exp1             cstackBANK3  01C9
___fltol@f1               cstackBANK3  01BF
___fltol@sign1            cstackBANK3  01C8
___int_sp                 stack        0000
___latbits                (abs)        0002
___sp                     stack        0000
___stackhi                (abs)        0000
___stacklo                (abs)        0000
___xxtofl                 text3        103F
___xxtofl@arg             cstackBANK1  00BA
___xxtofl@exp             cstackBANK1  00B9
___xxtofl@sign            cstackBANK1  00B8
___xxtofl@val             cstackBANK1  00B0
__end_of__Umul8_16        text6        07BE
__end_of___fladd          text8        0C9F
__end_of___fldiv          text7        1800
__end_of___flmul          text5        0433
__end_of___fltol          text4        088F
__end_of___xxtofl         text3        10FB
__end_of__initialization  cinit        002E
__end_of_isr              text9        0795
__end_of_main             maintext     2000
__end_of_map              text2        0961
__end_of_read_EEPROM      text18       0813
__end_of_setup            text1        1C4F
__end_of_write_EEPROM     text17       07FA
__end_ofi1__Umul8_16      text14       07E5
__end_ofi1___fladd        text16       1560
__end_ofi1___fldiv        text15       12D8
__end_ofi1___flmul        text13       1000
__end_ofi1___fltol        text12       1CEB
__end_ofi1___xxtofl       text11       1E57
__end_ofi1_map            text10       1D9D
__initialization          cinit        0013
__pbssBANK1               bssBANK1     00D7
__pbssBANK3               bssBANK3     01D3
__pcstackBANK0            cstackBANK0  0020
__pcstackBANK1            cstackBANK1  00A0
__pcstackBANK3            cstackBANK3  0190
__pcstackCOMMON           cstackCOMMON 0070
__pdataBANK1              dataBANK1    00DE
__pidataBANK1             idataBANK1   07FA
__pintentry               intentry     0004
__pmaintext               maintext     1E57
__ptext1                  text1        1BBE
__ptext10                 text10       1CEB
__ptext11                 text11       1D9D
__ptext12                 text12       1C4F
__ptext13                 text13       0C9F
__ptext14                 text14       07BE
__ptext15                 text15       10FB
__ptext16                 text16       12D8
__ptext17                 text17       07E5
__ptext18                 text18       0806
__ptext2                  text2        088F
__ptext3                  text3        103F
__ptext4                  text4        0813
__ptext5                  text5        0032
__ptext6                  text6        0795
__ptext7                  text7        1560
__ptext8                  text8        0961
__ptext9                  text9        0433
_bandera                  bssBANK3     01D4
_bits_envio               bssBANK3     01D3
_entrada_terminal         dataBANK1    00DF
_estado                   dataBANK1    00DE
_isr                      text9        0433
_main                     maintext     1E57
_map                      text2        088F
_pot1                     bssBANK1     00DA
_pot2                     bssBANK1     00DB
_pot3                     bssBANK1     00DC
_pot4                     bssBANK1     00DD
_read_EEPROM              text18       0806
_setup                    text1        1BBE
_write_EEPROM             text17       07E5
btemp                     (abs)        007E
end_of_initialization     cinit        002E
i1__Umul8_16              text14       07BE
i1__Umul8_16@multiplicand cstackCOMMON 0070
i1__Umul8_16@multiplier   cstackCOMMON 0078
i1__Umul8_16@product      cstackCOMMON 0074
i1__Umul8_16@word_mpld    cstackCOMMON 0076
i1___fladd                text16       12D8
i1___fladd@a              cstackBANK0  0058
i1___fladd@aexp           cstackBANK0  0065
i1___fladd@b              cstackBANK0  0054
i1___fladd@bexp           cstackBANK0  0066
i1___fladd@grs            cstackBANK0  0067
i1___fladd@signs          cstackBANK0  0064
i1___fldiv                text15       10FB
i1___fldiv@a              cstackBANK0  0020
i1___fldiv@aexp           cstackBANK0  0039
i1___fldiv@b              cstackBANK0  0024
i1___fldiv@bexp           cstackBANK0  0038
i1___fldiv@grs            cstackBANK0  0034
i1___fldiv@new_exp        cstackBANK0  0032
i1___fldiv@rem            cstackBANK0  002D
i1___fldiv@sign           cstackBANK0  0031
i1___flmul                text13       0C9F
i1___flmul@a              cstackBANK0  003E
i1___flmul@aexp           cstackBANK0  004C
i1___flmul@b              cstackBANK0  003A
i1___flmul@bexp           cstackBANK0  004D
i1___flmul@grs            cstackBANK0  0048
i1___flmul@prod           cstackBANK0  004E
i1___flmul@sign           cstackBANK0  0047
i1___flmul@temp           cstackBANK0  0052
i1___fltol                text12       1C4F
i1___fltol@exp1           cstackBANK0  006D
i1___fltol@f1             cstackBANK0  0068
i1___fltol@sign1          cstackBANK0  006C
i1___xxtofl               text11       1D9D
i1___xxtofl@arg           cstackCOMMON 007A
i1___xxtofl@exp           cstackCOMMON 0079
i1___xxtofl@sign          cstackCOMMON 0078
i1___xxtofl@val           cstackCOMMON 0070
i1_map                    text10       1CEB
i1map@x                   cstackBANK0  006E
i1map@x0                  cstackBANK1  00A5
i1map@x1                  cstackBANK1  00A6
i1map@y0                  cstackBANK1  00A7
i1map@y1                  cstackBANK1  00A9
interrupt_function        intentry     0004
intlevel0                 functab      0000
intlevel1                 functab      0000
intlevel2                 functab      0000
intlevel3                 functab      0000
intlevel4                 functab      0000
intlevel5                 functab      0000
map@x                     cstackBANK3  01D0
map@x0                    cstackBANK3  01CA
map@x1                    cstackBANK3  01CB
map@y0                    cstackBANK3  01CC
map@y1                    cstackBANK3  01CE
read_EEPROM@address       cstackCOMMON 0070
reset_vec                 reset_vec    0000
saved_w                   (abs)        007E
start                     init         0010
start_initialization      cinit        0013
write_EEPROM@address      cstackCOMMON 0071
write_EEPROM@data         cstackCOMMON 0070
wtemp0                    (abs)        007E


MODULE INFORMATION

Module		Function		Class		Link	Load	Size
C:\Program Files\Microchip\xc8\v2.35\pic\sources\c90\common\xxtofl.c
		___xxtofl      		CODE           	103F	0000	188

C:\Program Files\Microchip\xc8\v2.35\pic\sources\c90\common\xxtofl.c estimated size: 188

C:\Program Files\Microchip\xc8\v2.35\pic\sources\c90\common\fltol.c
		___fltol       		CODE           	0813	0000	124

C:\Program Files\Microchip\xc8\v2.35\pic\sources\c90\common\fltol.c estimated size: 124

C:\Program Files\Microchip\xc8\v2.35\pic\sources\c90\common\sprcmul.c
		___flmul       		CODE           	0032	0000	1025

C:\Program Files\Microchip\xc8\v2.35\pic\sources\c90\common\sprcmul.c estimated size: 1025

C:\Program Files\Microchip\xc8\v2.35\pic\sources\c90\common\sprcdiv.c
		___fldiv       		CODE           	1560	0000	672

C:\Program Files\Microchip\xc8\v2.35\pic\sources\c90\common\sprcdiv.c estimated size: 672

shared
		i1___fladd     		CODE           	12D8	0000	648
		i1__Umul8_16   		CODE           	07BE	0000	39
		i1___fldiv     		CODE           	10FB	0000	477
		i1___fltol     		CODE           	1C4F	0000	156
		__initialization		CODE           	0013	0000	27
		i1___flmul     		CODE           	0C9F	0000	865
		i1___xxtofl    		CODE           	1D9D	0000	186
		i1_map         		CODE           	1CEB	0000	178

shared estimated size: 2576

C:\Program Files\Microchip\xc8\v2.35\pic\sources\c90\common\Umul8_16.c
		__Umul8_16     		CODE           	0795	0000	41

C:\Program Files\Microchip\xc8\v2.35\pic\sources\c90\common\Umul8_16.c estimated size: 41

main.c
		_map           		CODE           	088F	0000	210
		_main          		CODE           	1E57	0000	425
		_isr           		CODE           	0433	0000	866
		_setup         		CODE           	1BBE	0000	145
		_read_EEPROM   		CODE           	0806	0000	13
		_write_EEPROM  		CODE           	07E5	0000	21

main.c estimated size: 1680

C:\Program Files\Microchip\xc8\v2.35\pic\sources\c90\common\sprcadd.c
		___fladd       		CODE           	0961	0000	830

C:\Program Files\Microchip\xc8\v2.35\pic\sources\c90\common\sprcadd.c estimated size: 830

